// Jest Snapshot v1, https://goo.gl/fbAQLP

exports[`Test my function btnPressed  snapshot Testing App component 1`] = `[Function]`;
